docker : #0 building with "desktop-linux" instance using docker driver
строка:1 знак:1
+ docker build . 2> build_errors.log
+ ~~~~~~~~~~~~~~~~~~~~~~~~~~~~~~~~~~
    + CategoryInfo          : NotSpecified: (#0 building wit...g docker driver:String) [], RemoteException
    + FullyQualifiedErrorId : NativeCommandError
 

#1 [internal] load build definition from Dockerfile
#1 transferring dockerfile: 599B done
#1 DONE 0.0s

#2 [internal] load metadata for docker.io/library/eclipse-temurin:17-jdk-jammy
#2 ...

#3 [internal] load metadata for docker.io/library/eclipse-temurin:17-jre-jammy
#3 DONE 1.1s

#2 [internal] load metadata for docker.io/library/eclipse-temurin:17-jdk-jammy
#2 DONE 1.1s

#4 [internal] load .dockerignore
#4 transferring context: 2B done
#4 DONE 0.0s

#5 [builder 1/7] FROM docker.io/library/eclipse-temurin:17-jdk-jammy@sha256:6e1d93a802b33182d7a47c98bd2896f4544bdd54d1ed21d9c9d4598c4c1e780a
#5 resolve docker.io/library/eclipse-temurin:17-jdk-jammy@sha256:6e1d93a802b33182d7a47c98bd2896f4544bdd54d1ed21d9c9d4598c4c1e780a 0.0s done
#5 sha256:e34dcea81683fd7961df0e2bfc3c9fd53a5d9f8ea33119e2491a80b5af56fec9 6.09kB / 6.09kB done
#5 sha256:6e1d93a802b33182d7a47c98bd2896f4544bdd54d1ed21d9c9d4598c4c1e780a 6.55kB / 6.55kB done
#5 sha256:ea07806b584a11de47552e417fc7d3193705c855ab8060f86e755c72398c40bc 1.94kB / 1.94kB done
#5 sha256:e2cbd8c6c944d1f5af93eae54bc45484426141e9694d993bdab4f3e9b33959c7 0B / 20.70MB 34.1s
#5 sha256:e869d565041b70b1d3344db2d2675d1910addebaf928ad21231163939451f2b4 29.79kB / 144.71MB 34.1s
#5 sha256:1d387567261efec2a352c45b8d512a8db5c246122fb9f246ae9190252a0c3adb 0B / 29.54MB 34.1s
#5 ...

#6 [internal] load build context
#6 transferring context: 111.80kB 0.1s done
#6 DONE 0.1s

#5 [builder 1/7] FROM docker.io/library/eclipse-temurin:17-jdk-jammy@sha256:6e1d93a802b33182d7a47c98bd2896f4544bdd54d1ed21d9c9d4598c4c1e780a
#5 sha256:e2cbd8c6c944d1f5af93eae54bc45484426141e9694d993bdab4f3e9b33959c7 0B / 20.70MB 39.1s
#5 sha256:e869d565041b70b1d3344db2d2675d1910addebaf928ad21231163939451f2b4 29.79kB / 144.71MB 39.1s
#5 sha256:1d387567261efec2a352c45b8d512a8db5c246122fb9f246ae9190252a0c3adb 0B / 29.54MB 39.1s
#5 ...

#7 [stage-1 1/3] FROM docker.io/library/eclipse-temurin:17-jre-jammy@sha256:300c145ec4cf75f22c205b72eb233977a585d91cf530947d15054e270445f00d
#7 resolve docker.io/library/eclipse-temurin:17-jre-jammy@sha256:300c145ec4cf75f22c205b72eb233977a585d91cf530947d15054e270445f00d 0.0s done
#7 sha256:ed023ca0077f94bfb7a723877b88ef105c9c4d9bb0474656dbbbe843c45a829c 1.94kB / 1.94kB done
#7 sha256:1744230ed5284c8c997af16a517a037c534be04c3b538d0f83255cacdb99eaaa 5.71kB / 5.71kB done
#7 sha256:300c145ec4cf75f22c205b72eb233977a585d91cf530947d15054e270445f00d 6.55kB / 6.55kB done
#7 ...

#5 [builder 1/7] FROM docker.io/library/eclipse-temurin:17-jdk-jammy@sha256:6e1d93a802b33182d7a47c98bd2896f4544bdd54d1ed21d9c9d4598c4c1e780a
#5 sha256:e2cbd8c6c944d1f5af93eae54bc45484426141e9694d993bdab4f3e9b33959c7 0B / 20.70MB 44.2s
#5 sha256:e869d565041b70b1d3344db2d2675d1910addebaf928ad21231163939451f2b4 29.79kB / 144.71MB 44.2s
#5 sha256:1d387567261efec2a352c45b8d512a8db5c246122fb9f246ae9190252a0c3adb 0B / 29.54MB 44.2s
#5 sha256:e2cbd8c6c944d1f5af93eae54bc45484426141e9694d993bdab4f3e9b33959c7 0B / 20.70MB 49.3s
#5 sha256:e869d565041b70b1d3344db2d2675d1910addebaf928ad21231163939451f2b4 29.79kB / 144.71MB 49.3s
#5 sha256:1d387567261efec2a352c45b8d512a8db5c246122fb9f246ae9190252a0c3adb 0B / 29.54MB 49.3s
#5 sha256:e2cbd8c6c944d1f5af93eae54bc45484426141e9694d993bdab4f3e9b33959c7 0B / 20.70MB 54.4s
#5 sha256:e869d565041b70b1d3344db2d2675d1910addebaf928ad21231163939451f2b4 29.79kB / 144.71MB 54.4s
#5 sha256:1d387567261efec2a352c45b8d512a8db5c246122fb9f246ae9190252a0c3adb 0B / 29.54MB 54.4s
#5 ...

#7 [stage-1 1/3] FROM docker.io/library/eclipse-temurin:17-jre-jammy@sha256:300c145ec4cf75f22c205b72eb233977a585d91cf530947d15054e270445f00d
#7 ...

#5 [builder 1/7] FROM docker.io/library/eclipse-temurin:17-jdk-jammy@sha256:6e1d93a802b33182d7a47c98bd2896f4544bdd54d1ed21d9c9d4598c4c1e780a
#5 sha256:e2cbd8c6c944d1f5af93eae54bc45484426141e9694d993bdab4f3e9b33959c7 0B / 20.70MB 59.4s
#5 sha256:e869d565041b70b1d3344db2d2675d1910addebaf928ad21231163939451f2b4 29.79kB / 144.71MB 59.4s
#5 sha256:1d387567261efec2a352c45b8d512a8db5c246122fb9f246ae9190252a0c3adb 0B / 29.54MB 59.4s
#5 sha256:e2cbd8c6c944d1f5af93eae54bc45484426141e9694d993bdab4f3e9b33959c7 0B / 20.70MB 64.5s
#5 sha256:e869d565041b70b1d3344db2d2675d1910addebaf928ad21231163939451f2b4 29.79kB / 144.71MB 64.5s
#5 sha256:1d387567261efec2a352c45b8d512a8db5c246122fb9f246ae9190252a0c3adb 0B / 29.54MB 64.5s
#5 ...

#7 [stage-1 1/3] FROM docker.io/library/eclipse-temurin:17-jre-jammy@sha256:300c145ec4cf75f22c205b72eb233977a585d91cf530947d15054e270445f00d
#7 ...

#5 [builder 1/7] FROM docker.io/library/eclipse-temurin:17-jdk-jammy@sha256:6e1d93a802b33182d7a47c98bd2896f4544bdd54d1ed21d9c9d4598c4c1e780a
#5 sha256:e2cbd8c6c944d1f5af93eae54bc45484426141e9694d993bdab4f3e9b33959c7 0B / 20.70MB 69.5s
#5 sha256:e869d565041b70b1d3344db2d2675d1910addebaf928ad21231163939451f2b4 29.79kB / 144.71MB 69.5s
#5 sha256:1d387567261efec2a352c45b8d512a8db5c246122fb9f246ae9190252a0c3adb 0B / 29.54MB 69.5s
#5 sha256:e2cbd8c6c944d1f5af93eae54bc45484426141e9694d993bdab4f3e9b33959c7 0B / 20.70MB 74.7s
#5 sha256:e869d565041b70b1d3344db2d2675d1910addebaf928ad21231163939451f2b4 29.79kB / 144.71MB 74.7s
#5 sha256:1d387567261efec2a352c45b8d512a8db5c246122fb9f246ae9190252a0c3adb 0B / 29.54MB 74.7s
#5 ...

#7 [stage-1 1/3] FROM docker.io/library/eclipse-temurin:17-jre-jammy@sha256:300c145ec4cf75f22c205b72eb233977a585d91cf530947d15054e270445f00d
#7 ...

#5 [builder 1/7] FROM docker.io/library/eclipse-temurin:17-jdk-jammy@sha256:6e1d93a802b33182d7a47c98bd2896f4544bdd54d1ed21d9c9d4598c4c1e780a
#5 sha256:e2cbd8c6c944d1f5af93eae54bc45484426141e9694d993bdab4f3e9b33959c7 0B / 20.70MB 79.8s
#5 sha256:e869d565041b70b1d3344db2d2675d1910addebaf928ad21231163939451f2b4 29.79kB / 144.71MB 79.8s
#5 sha256:1d387567261efec2a352c45b8d512a8db5c246122fb9f246ae9190252a0c3adb 0B / 29.54MB 79.8s
#5 sha256:e2cbd8c6c944d1f5af93eae54bc45484426141e9694d993bdab4f3e9b33959c7 0B / 20.70MB 84.9s
#5 sha256:e869d565041b70b1d3344db2d2675d1910addebaf928ad21231163939451f2b4 29.79kB / 144.71MB 84.9s
#5 sha256:1d387567261efec2a352c45b8d512a8db5c246122fb9f246ae9190252a0c3adb 0B / 29.54MB 84.9s
#5 ...

#7 [stage-1 1/3] FROM docker.io/library/eclipse-temurin:17-jre-jammy@sha256:300c145ec4cf75f22c205b72eb233977a585d91cf530947d15054e270445f00d
#7 ...

#5 [builder 1/7] FROM docker.io/library/eclipse-temurin:17-jdk-jammy@sha256:6e1d93a802b33182d7a47c98bd2896f4544bdd54d1ed21d9c9d4598c4c1e780a
#5 sha256:e2cbd8c6c944d1f5af93eae54bc45484426141e9694d993bdab4f3e9b33959c7 0B / 20.70MB 90.0s
#5 sha256:e869d565041b70b1d3344db2d2675d1910addebaf928ad21231163939451f2b4 29.79kB / 144.71MB 90.0s
#5 sha256:1d387567261efec2a352c45b8d512a8db5c246122fb9f246ae9190252a0c3adb 0B / 29.54MB 90.0s
#5 sha256:e2cbd8c6c944d1f5af93eae54bc45484426141e9694d993bdab4f3e9b33959c7 0B / 20.70MB 95.0s
#5 sha256:e869d565041b70b1d3344db2d2675d1910addebaf928ad21231163939451f2b4 29.79kB / 144.71MB 95.0s
#5 sha256:1d387567261efec2a352c45b8d512a8db5c246122fb9f246ae9190252a0c3adb 0B / 29.54MB 95.0s
#5 ...

#7 [stage-1 1/3] FROM docker.io/library/eclipse-temurin:17-jre-jammy@sha256:300c145ec4cf75f22c205b72eb233977a585d91cf530947d15054e270445f00d
#7 ...

#5 [builder 1/7] FROM docker.io/library/eclipse-temurin:17-jdk-jammy@sha256:6e1d93a802b33182d7a47c98bd2896f4544bdd54d1ed21d9c9d4598c4c1e780a
#5 sha256:e2cbd8c6c944d1f5af93eae54bc45484426141e9694d993bdab4f3e9b33959c7 0B / 20.70MB 100.1s
#5 sha256:e869d565041b70b1d3344db2d2675d1910addebaf928ad21231163939451f2b4 29.79kB / 144.71MB 100.1s
#5 sha256:1d387567261efec2a352c45b8d512a8db5c246122fb9f246ae9190252a0c3adb 0B / 29.54MB 100.1s
#5 sha256:e2cbd8c6c944d1f5af93eae54bc45484426141e9694d993bdab4f3e9b33959c7 0B / 20.70MB 105.2s
#5 sha256:e869d565041b70b1d3344db2d2675d1910addebaf928ad21231163939451f2b4 29.79kB / 144.71MB 105.2s
#5 sha256:1d387567261efec2a352c45b8d512a8db5c246122fb9f246ae9190252a0c3adb 0B / 29.54MB 105.2s
#5 ...

#7 [stage-1 1/3] FROM docker.io/library/eclipse-temurin:17-jre-jammy@sha256:300c145ec4cf75f22c205b72eb233977a585d91cf530947d15054e270445f00d
#7 ...

#5 [builder 1/7] FROM docker.io/library/eclipse-temurin:17-jdk-jammy@sha256:6e1d93a802b33182d7a47c98bd2896f4544bdd54d1ed21d9c9d4598c4c1e780a
#5 sha256:e2cbd8c6c944d1f5af93eae54bc45484426141e9694d993bdab4f3e9b33959c7 0B / 20.70MB 110.3s
#5 sha256:e869d565041b70b1d3344db2d2675d1910addebaf928ad21231163939451f2b4 29.79kB / 144.71MB 110.3s
#5 sha256:1d387567261efec2a352c45b8d512a8db5c246122fb9f246ae9190252a0c3adb 0B / 29.54MB 110.3s
#5 sha256:e2cbd8c6c944d1f5af93eae54bc45484426141e9694d993bdab4f3e9b33959c7 0B / 20.70MB 115.4s
#5 sha256:e869d565041b70b1d3344db2d2675d1910addebaf928ad21231163939451f2b4 29.79kB / 144.71MB 115.4s
#5 sha256:1d387567261efec2a352c45b8d512a8db5c246122fb9f246ae9190252a0c3adb 0B / 29.54MB 115.4s
#5 ...

#7 [stage-1 1/3] FROM docker.io/library/eclipse-temurin:17-jre-jammy@sha256:300c145ec4cf75f22c205b72eb233977a585d91cf530947d15054e270445f00d
#7 ...

#5 [builder 1/7] FROM docker.io/library/eclipse-temurin:17-jdk-jammy@sha256:6e1d93a802b33182d7a47c98bd2896f4544bdd54d1ed21d9c9d4598c4c1e780a
#5 sha256:e2cbd8c6c944d1f5af93eae54bc45484426141e9694d993bdab4f3e9b33959c7 0B / 20.70MB 120.5s
#5 sha256:e869d565041b70b1d3344db2d2675d1910addebaf928ad21231163939451f2b4 29.79kB / 144.71MB 120.5s
#5 sha256:1d387567261efec2a352c45b8d512a8db5c246122fb9f246ae9190252a0c3adb 0B / 29.54MB 120.5s
#5 sha256:e2cbd8c6c944d1f5af93eae54bc45484426141e9694d993bdab4f3e9b33959c7 0B / 20.70MB 125.7s
#5 sha256:e869d565041b70b1d3344db2d2675d1910addebaf928ad21231163939451f2b4 29.79kB / 144.71MB 125.7s
#5 sha256:1d387567261efec2a352c45b8d512a8db5c246122fb9f246ae9190252a0c3adb 0B / 29.54MB 125.7s
#5 ...

#7 [stage-1 1/3] FROM docker.io/library/eclipse-temurin:17-jre-jammy@sha256:300c145ec4cf75f22c205b72eb233977a585d91cf530947d15054e270445f00d
#7 ...

#5 [builder 1/7] FROM docker.io/library/eclipse-temurin:17-jdk-jammy@sha256:6e1d93a802b33182d7a47c98bd2896f4544bdd54d1ed21d9c9d4598c4c1e780a
#5 sha256:e2cbd8c6c944d1f5af93eae54bc45484426141e9694d993bdab4f3e9b33959c7 0B / 20.70MB 130.7s
#5 sha256:e869d565041b70b1d3344db2d2675d1910addebaf928ad21231163939451f2b4 29.79kB / 144.71MB 130.7s
#5 sha256:1d387567261efec2a352c45b8d512a8db5c246122fb9f246ae9190252a0c3adb 0B / 29.54MB 130.7s
#5 sha256:e2cbd8c6c944d1f5af93eae54bc45484426141e9694d993bdab4f3e9b33959c7 0B / 20.70MB 135.8s
#5 sha256:e869d565041b70b1d3344db2d2675d1910addebaf928ad21231163939451f2b4 29.79kB / 144.71MB 135.8s
#5 sha256:1d387567261efec2a352c45b8d512a8db5c246122fb9f246ae9190252a0c3adb 0B / 29.54MB 135.8s
#5 ...

#7 [stage-1 1/3] FROM docker.io/library/eclipse-temurin:17-jre-jammy@sha256:300c145ec4cf75f22c205b72eb233977a585d91cf530947d15054e270445f00d
#7 ...

#5 [builder 1/7] FROM docker.io/library/eclipse-temurin:17-jdk-jammy@sha256:6e1d93a802b33182d7a47c98bd2896f4544bdd54d1ed21d9c9d4598c4c1e780a
#5 sha256:e2cbd8c6c944d1f5af93eae54bc45484426141e9694d993bdab4f3e9b33959c7 0B / 20.70MB 140.8s
#5 sha256:e869d565041b70b1d3344db2d2675d1910addebaf928ad21231163939451f2b4 29.79kB / 144.71MB 140.8s
#5 sha256:1d387567261efec2a352c45b8d512a8db5c246122fb9f246ae9190252a0c3adb 0B / 29.54MB 140.8s
#5 sha256:e2cbd8c6c944d1f5af93eae54bc45484426141e9694d993bdab4f3e9b33959c7 0B / 20.70MB 145.9s
#5 sha256:e869d565041b70b1d3344db2d2675d1910addebaf928ad21231163939451f2b4 29.79kB / 144.71MB 145.9s
#5 sha256:1d387567261efec2a352c45b8d512a8db5c246122fb9f246ae9190252a0c3adb 0B / 29.54MB 145.9s
#5 ...

#7 [stage-1 1/3] FROM docker.io/library/eclipse-temurin:17-jre-jammy@sha256:300c145ec4cf75f22c205b72eb233977a585d91cf530947d15054e270445f00d
#7 ...

#5 [builder 1/7] FROM docker.io/library/eclipse-temurin:17-jdk-jammy@sha256:6e1d93a802b33182d7a47c98bd2896f4544bdd54d1ed21d9c9d4598c4c1e780a
#5 sha256:e2cbd8c6c944d1f5af93eae54bc45484426141e9694d993bdab4f3e9b33959c7 0B / 20.70MB 150.9s
#5 sha256:e869d565041b70b1d3344db2d2675d1910addebaf928ad21231163939451f2b4 29.79kB / 144.71MB 150.9s
#5 sha256:1d387567261efec2a352c45b8d512a8db5c246122fb9f246ae9190252a0c3adb 0B / 29.54MB 150.9s
#5 sha256:e2cbd8c6c944d1f5af93eae54bc45484426141e9694d993bdab4f3e9b33959c7 0B / 20.70MB 156.0s
#5 sha256:e869d565041b70b1d3344db2d2675d1910addebaf928ad21231163939451f2b4 29.79kB / 144.71MB 156.0s
#5 sha256:1d387567261efec2a352c45b8d512a8db5c246122fb9f246ae9190252a0c3adb 0B / 29.54MB 156.0s
#5 ...

#7 [stage-1 1/3] FROM docker.io/library/eclipse-temurin:17-jre-jammy@sha256:300c145ec4cf75f22c205b72eb233977a585d91cf530947d15054e270445f00d
#7 ...

#5 [builder 1/7] FROM docker.io/library/eclipse-temurin:17-jdk-jammy@sha256:6e1d93a802b33182d7a47c98bd2896f4544bdd54d1ed21d9c9d4598c4c1e780a
#5 sha256:e2cbd8c6c944d1f5af93eae54bc45484426141e9694d993bdab4f3e9b33959c7 0B / 20.70MB 161.1s
#5 sha256:e869d565041b70b1d3344db2d2675d1910addebaf928ad21231163939451f2b4 29.79kB / 144.71MB 161.1s
#5 sha256:1d387567261efec2a352c45b8d512a8db5c246122fb9f246ae9190252a0c3adb 0B / 29.54MB 161.1s
#5 sha256:e2cbd8c6c944d1f5af93eae54bc45484426141e9694d993bdab4f3e9b33959c7 0B / 20.70MB 166.3s
#5 sha256:e869d565041b70b1d3344db2d2675d1910addebaf928ad21231163939451f2b4 29.79kB / 144.71MB 166.3s
#5 sha256:1d387567261efec2a352c45b8d512a8db5c246122fb9f246ae9190252a0c3adb 0B / 29.54MB 166.3s
#5 ...

#7 [stage-1 1/3] FROM docker.io/library/eclipse-temurin:17-jre-jammy@sha256:300c145ec4cf75f22c205b72eb233977a585d91cf530947d15054e270445f00d
#7 ...

#5 [builder 1/7] FROM docker.io/library/eclipse-temurin:17-jdk-jammy@sha256:6e1d93a802b33182d7a47c98bd2896f4544bdd54d1ed21d9c9d4598c4c1e780a
#5 sha256:e2cbd8c6c944d1f5af93eae54bc45484426141e9694d993bdab4f3e9b33959c7 0B / 20.70MB 171.3s
#5 sha256:e869d565041b70b1d3344db2d2675d1910addebaf928ad21231163939451f2b4 29.79kB / 144.71MB 171.3s
#5 sha256:1d387567261efec2a352c45b8d512a8db5c246122fb9f246ae9190252a0c3adb 0B / 29.54MB 171.3s
#5 sha256:e2cbd8c6c944d1f5af93eae54bc45484426141e9694d993bdab4f3e9b33959c7 0B / 20.70MB 176.4s
#5 sha256:e869d565041b70b1d3344db2d2675d1910addebaf928ad21231163939451f2b4 29.79kB / 144.71MB 176.4s
#5 sha256:1d387567261efec2a352c45b8d512a8db5c246122fb9f246ae9190252a0c3adb 0B / 29.54MB 176.4s
#5 ...

#7 [stage-1 1/3] FROM docker.io/library/eclipse-temurin:17-jre-jammy@sha256:300c145ec4cf75f22c205b72eb233977a585d91cf530947d15054e270445f00d
#7 ...

#5 [builder 1/7] FROM docker.io/library/eclipse-temurin:17-jdk-jammy@sha256:6e1d93a802b33182d7a47c98bd2896f4544bdd54d1ed21d9c9d4598c4c1e780a
#5 sha256:e2cbd8c6c944d1f5af93eae54bc45484426141e9694d993bdab4f3e9b33959c7 0B / 20.70MB 181.6s
#5 sha256:e869d565041b70b1d3344db2d2675d1910addebaf928ad21231163939451f2b4 29.79kB / 144.71MB 181.6s
#5 sha256:1d387567261efec2a352c45b8d512a8db5c246122fb9f246ae9190252a0c3adb 0B / 29.54MB 181.6s
#5 sha256:e2cbd8c6c944d1f5af93eae54bc45484426141e9694d993bdab4f3e9b33959c7 0B / 20.70MB 186.6s
#5 sha256:e869d565041b70b1d3344db2d2675d1910addebaf928ad21231163939451f2b4 29.79kB / 144.71MB 186.6s
#5 sha256:1d387567261efec2a352c45b8d512a8db5c246122fb9f246ae9190252a0c3adb 0B / 29.54MB 186.6s
#5 ...

#7 [stage-1 1/3] FROM docker.io/library/eclipse-temurin:17-jre-jammy@sha256:300c145ec4cf75f22c205b72eb233977a585d91cf530947d15054e270445f00d
#7 ...

#5 [builder 1/7] FROM docker.io/library/eclipse-temurin:17-jdk-jammy@sha256:6e1d93a802b33182d7a47c98bd2896f4544bdd54d1ed21d9c9d4598c4c1e780a
#5 sha256:e2cbd8c6c944d1f5af93eae54bc45484426141e9694d993bdab4f3e9b33959c7 0B / 20.70MB 191.7s
#5 sha256:e869d565041b70b1d3344db2d2675d1910addebaf928ad21231163939451f2b4 29.79kB / 144.71MB 191.7s
#5 sha256:1d387567261efec2a352c45b8d512a8db5c246122fb9f246ae9190252a0c3adb 0B / 29.54MB 191.7s
#5 sha256:e2cbd8c6c944d1f5af93eae54bc45484426141e9694d993bdab4f3e9b33959c7 0B / 20.70MB 196.8s
#5 sha256:e869d565041b70b1d3344db2d2675d1910addebaf928ad21231163939451f2b4 29.79kB / 144.71MB 196.8s
#5 sha256:1d387567261efec2a352c45b8d512a8db5c246122fb9f246ae9190252a0c3adb 0B / 29.54MB 196.8s
#5 ...

#7 [stage-1 1/3] FROM docker.io/library/eclipse-temurin:17-jre-jammy@sha256:300c145ec4cf75f22c205b72eb233977a585d91cf530947d15054e270445f00d
#7 ...

#5 [builder 1/7] FROM docker.io/library/eclipse-temurin:17-jdk-jammy@sha256:6e1d93a802b33182d7a47c98bd2896f4544bdd54d1ed21d9c9d4598c4c1e780a
#5 sha256:e2cbd8c6c944d1f5af93eae54bc45484426141e9694d993bdab4f3e9b33959c7 0B / 20.70MB 201.8s
#5 sha256:e869d565041b70b1d3344db2d2675d1910addebaf928ad21231163939451f2b4 29.79kB / 144.71MB 201.8s
#5 sha256:1d387567261efec2a352c45b8d512a8db5c246122fb9f246ae9190252a0c3adb 0B / 29.54MB 201.8s
#5 sha256:e2cbd8c6c944d1f5af93eae54bc45484426141e9694d993bdab4f3e9b33959c7 0B / 20.70MB 206.9s
#5 sha256:e869d565041b70b1d3344db2d2675d1910addebaf928ad21231163939451f2b4 29.79kB / 144.71MB 206.9s
#5 sha256:1d387567261efec2a352c45b8d512a8db5c246122fb9f246ae9190252a0c3adb 0B / 29.54MB 206.9s
#5 ...

#7 [stage-1 1/3] FROM docker.io/library/eclipse-temurin:17-jre-jammy@sha256:300c145ec4cf75f22c205b72eb233977a585d91cf530947d15054e270445f00d
#7 ...

#5 [builder 1/7] FROM docker.io/library/eclipse-temurin:17-jdk-jammy@sha256:6e1d93a802b33182d7a47c98bd2896f4544bdd54d1ed21d9c9d4598c4c1e780a
#5 sha256:e2cbd8c6c944d1f5af93eae54bc45484426141e9694d993bdab4f3e9b33959c7 0B / 20.70MB 211.9s
#5 sha256:e869d565041b70b1d3344db2d2675d1910addebaf928ad21231163939451f2b4 29.79kB / 144.71MB 211.9s
#5 sha256:1d387567261efec2a352c45b8d512a8db5c246122fb9f246ae9190252a0c3adb 0B / 29.54MB 211.9s
#5 sha256:e2cbd8c6c944d1f5af93eae54bc45484426141e9694d993bdab4f3e9b33959c7 0B / 20.70MB 217.0s
#5 sha256:e869d565041b70b1d3344db2d2675d1910addebaf928ad21231163939451f2b4 29.79kB / 144.71MB 217.0s
#5 sha256:1d387567261efec2a352c45b8d512a8db5c246122fb9f246ae9190252a0c3adb 0B / 29.54MB 217.0s
#5 ...

#7 [stage-1 1/3] FROM docker.io/library/eclipse-temurin:17-jre-jammy@sha256:300c145ec4cf75f22c205b72eb233977a585d91cf530947d15054e270445f00d
#7 ...

#5 [builder 1/7] FROM docker.io/library/eclipse-temurin:17-jdk-jammy@sha256:6e1d93a802b33182d7a47c98bd2896f4544bdd54d1ed21d9c9d4598c4c1e780a
#5 sha256:e2cbd8c6c944d1f5af93eae54bc45484426141e9694d993bdab4f3e9b33959c7 0B / 20.70MB 222.1s
#5 sha256:e869d565041b70b1d3344db2d2675d1910addebaf928ad21231163939451f2b4 29.79kB / 144.71MB 222.1s
#5 sha256:1d387567261efec2a352c45b8d512a8db5c246122fb9f246ae9190252a0c3adb 0B / 29.54MB 222.1s
#5 sha256:e2cbd8c6c944d1f5af93eae54bc45484426141e9694d993bdab4f3e9b33959c7 0B / 20.70MB 227.2s
#5 sha256:e869d565041b70b1d3344db2d2675d1910addebaf928ad21231163939451f2b4 29.79kB / 144.71MB 227.2s
#5 sha256:1d387567261efec2a352c45b8d512a8db5c246122fb9f246ae9190252a0c3adb 0B / 29.54MB 227.2s
#5 ...

#7 [stage-1 1/3] FROM docker.io/library/eclipse-temurin:17-jre-jammy@sha256:300c145ec4cf75f22c205b72eb233977a585d91cf530947d15054e270445f00d
#7 ...

#5 [builder 1/7] FROM docker.io/library/eclipse-temurin:17-jdk-jammy@sha256:6e1d93a802b33182d7a47c98bd2896f4544bdd54d1ed21d9c9d4598c4c1e780a
#5 sha256:e2cbd8c6c944d1f5af93eae54bc45484426141e9694d993bdab4f3e9b33959c7 0B / 20.70MB 232.3s
#5 sha256:e869d565041b70b1d3344db2d2675d1910addebaf928ad21231163939451f2b4 29.79kB / 144.71MB 232.3s
#5 sha256:1d387567261efec2a352c45b8d512a8db5c246122fb9f246ae9190252a0c3adb 0B / 29.54MB 232.3s
#5 sha256:e2cbd8c6c944d1f5af93eae54bc45484426141e9694d993bdab4f3e9b33959c7 0B / 20.70MB 237.3s
#5 sha256:e869d565041b70b1d3344db2d2675d1910addebaf928ad21231163939451f2b4 29.79kB / 144.71MB 237.3s
#5 sha256:1d387567261efec2a352c45b8d512a8db5c246122fb9f246ae9190252a0c3adb 0B / 29.54MB 237.3s
#5 ...

#7 [stage-1 1/3] FROM docker.io/library/eclipse-temurin:17-jre-jammy@sha256:300c145ec4cf75f22c205b72eb233977a585d91cf530947d15054e270445f00d
#7 ...

#5 [builder 1/7] FROM docker.io/library/eclipse-temurin:17-jdk-jammy@sha256:6e1d93a802b33182d7a47c98bd2896f4544bdd54d1ed21d9c9d4598c4c1e780a
#5 sha256:e2cbd8c6c944d1f5af93eae54bc45484426141e9694d993bdab4f3e9b33959c7 0B / 20.70MB 242.4s
#5 sha256:e869d565041b70b1d3344db2d2675d1910addebaf928ad21231163939451f2b4 29.79kB / 144.71MB 242.4s
#5 sha256:1d387567261efec2a352c45b8d512a8db5c246122fb9f246ae9190252a0c3adb 0B / 29.54MB 242.4s
#5 sha256:1d387567261efec2a352c45b8d512a8db5c246122fb9f246ae9190252a0c3adb 0B / 29.54MB 247.4s
#5 sha256:e2cbd8c6c944d1f5af93eae54bc45484426141e9694d993bdab4f3e9b33959c7 0B / 20.70MB 247.5s
#5 sha256:e869d565041b70b1d3344db2d2675d1910addebaf928ad21231163939451f2b4 29.79kB / 144.71MB 247.5s
#5 ...

#7 [stage-1 1/3] FROM docker.io/library/eclipse-temurin:17-jre-jammy@sha256:300c145ec4cf75f22c205b72eb233977a585d91cf530947d15054e270445f00d
#7 ...

#5 [builder 1/7] FROM docker.io/library/eclipse-temurin:17-jdk-jammy@sha256:6e1d93a802b33182d7a47c98bd2896f4544bdd54d1ed21d9c9d4598c4c1e780a
#5 sha256:e2cbd8c6c944d1f5af93eae54bc45484426141e9694d993bdab4f3e9b33959c7 0B / 20.70MB 252.6s
#5 sha256:e869d565041b70b1d3344db2d2675d1910addebaf928ad21231163939451f2b4 29.79kB / 144.71MB 252.6s
#5 sha256:1d387567261efec2a352c45b8d512a8db5c246122fb9f246ae9190252a0c3adb 0B / 29.54MB 252.6s
